2014-12-08 16:29:53  x     _bzr.bat                                 ::           .238 -1164475911 
2017-04-20 23:44:36  x     _filelist.lst                            ::           .  0  0000000000 

============================== _make/ =============================================================
2011-02-26 22:43:58  x     Header2Reflection.manifest               ::           . 63  1543696467 
2014-06-15 22:06:55  x     _makejar_zbnf.jz.bat                     ::          1.656  0199409420 
2011-12-06 17:57:46  x     compileJava.bat                          ::           .997  1588002751 
2012-08-12 22:28:30  x     genDownload.sh                           ::           . 74  1323292022 
2014-05-03 00:49:10  x     genXMI_Zbnf.bat                          ::          1.269  1564817557 
2015-09-29 10:23:59  x     genjavadoc.bat                           ::          1.182 -0315154510 
2012-11-05 22:07:30  x     genjavadoc.sh                            ::           .411 -0530082317 
2016-02-20 22:34:54  x     makejar_zbnf.bat                         ::          3.837  1488876597 
2013-01-02 09:31:22  x     makejar_zbnf.sh                          ::          1.797 -0347914445 
2014-11-18 12:23:21  x     makejar_zbnf6.bat                        ::          3.478  1639838811 
2011-07-08 19:57:50  x     makejar_zbnfCore.sh                      ::           .974 -1460588110 
2011-03-22 14:26:06  x     makejar_zmakeAnt.bat                     ::          1.361  0245857391 
2011-07-08 19:57:50  x     makejar_zmakeAnt.sh                      ::           .945 -0828541394 
2011-11-01 17:06:04  x     stylesheet_javadoc.css                   ::          1.879  1264491243 
2011-02-26 22:43:58  x     zbnf.manifest                            ::           . 40  0205809603 
2011-02-26 22:43:58  x     zmake.manifest                           ::           . 35  0859504513 
2011-03-22 14:26:06  x     zmakeAnt.manifest                        ::           . 35  0859504513 

============================== org/ ===============================================================

============================== org/vishia/ =========================================================

============================== org/vishia/ant/ =====================================================
2011-02-17 20:14:36  x     Zcopy.java                               ::          8.997 -0787313906 

============================== org/vishia/byteData/ ================================================
2013-11-23 09:03:57  x     ByteDataSymbolicAccessReadConfig.java    ::          3.899 -1849174949 

============================== org/vishia/checkDeps_C/ =============================================
2012-12-25 15:31:12  x     AddDependency_InfoFileDependencies.java  ::          1.874  1876500062 
2013-01-06 15:22:00  x     CfgData.java                             ::          3.570  1168766193 
2012-12-25 19:29:36  x     CheckAllDepFile.java                     ::          6.113  1270977477 
2012-12-25 17:01:12  x     CheckData.java                           ::          4.951  0627506369 
2017-04-05 12:18:24  x     CheckDependencyFile.java                 ::         46.583  1598363930 
2014-05-04 22:57:06  x     CheckDeps.java                           ::         12.379  0976591412 
2012-12-25 15:33:10  x     DateTime.java                            ::          1.823  2018610045 
2017-04-05 13:36:22  x     InfoFileDependencies.java                ::         19.004 -1786094828 
2014-05-04 22:56:29  x     InputSrc.java                            ::          4.196  1587914190 
2014-05-13 22:35:41  x     ObjectFileDeps.java                      ::          7.104 -1134084529 
2016-11-27 21:11:49  x     ParserConfigFile.java                    ::          7.145 -0736466252 
2013-01-03 19:36:18  x     package-info.java                        ::           .395 -2003396739 

============================== org/vishia/docuGen/ =================================================
2017-04-03 21:48:59  x     DocuGen.java                             ::         12.379  1386857552 

============================== org/vishia/header2Reflection/ =======================================
2014-11-13 20:36:27  x     BinOutPrep.java                          ::          7.692  0482862329 
2014-12-14 21:36:18  x     C2DataDeps.java                          ::         10.327 -0335989070 
2017-04-16 20:16:09  x     CheaderParser.java                       ::         30.512 -1252106809 
2015-06-06 07:01:42  x     CmdHeader2Reflection.java                ::          8.866  0445892408 
2014-11-13 22:08:25  x     ExtReflection_Insp_h.java                ::          1.061 -0470130958 
2017-01-22 10:07:33  x     Header2Reflection.java                   ::         82.636 -1401373921 

============================== org/vishia/jztxtcmd/ ================================================
2017-04-03 21:49:12  x     JZtxtcmd.java                            ::         48.615  0287919172 
2017-04-03 22:08:38  x     JZtxtcmdSyntax.java                      ::         29.101 -0818535418 
2017-04-03 21:49:22  x     JZtxtcmdUserExample.java                 ::          1.865 -1242753310 
2017-04-03 21:49:31  x     JZtxtcmdUtil.java                        ::          2.526  1732090346 

============================== org/vishia/sclConversions/ ==========================================
2017-04-03 21:49:00  x     SCLstruct2Lists.java                     ::         55.023 -1410595330 

============================== org/vishia/stateMGen/ ===============================================
2014-07-27 19:00:04  x     ExampleState.java                        ::          1.473 -1562144144 
2014-07-27 18:49:15  x     ExampleStateData.java                    ::           .152 -1143986273 
2014-07-27 18:57:42  x     StateMBase.java                          ::           .156  1340406608 
2017-04-03 21:49:00  x     StateMGen.java                           ::         31.066 -1431961365 
2017-04-03 21:49:00  x     StateMcHgen.java                         ::         36.103  1890966695 

============================== org/vishia/xmlparser/ ===============================================
2015-09-29 17:25:21  x     Xml2J_template.java                      ::           .814 -1583613778 
2015-09-30 08:49:02  x     Xml2Jdata.java                           ::          1.596  0291993359 

============================== org/vishia/zbnf/ ====================================================
2015-07-30 21:49:40  x     Zbnf2Xml.java                            ::         20.807 -1595652416 
2017-03-26 16:01:43  x     ZbnfJavaOutput.java                      ::         75.462  0987198471 
2017-03-26 15:42:34  x     ZbnfParseResultItem.java                 ::         12.178 -2019699139 
2017-04-03 21:49:12  x     ZbnfParser.java                          ::        157.292 -1725380572 
2017-03-26 15:43:18  x     ZbnfParserStore.java                     ::         49.576 -1364437442 
2017-03-26 16:02:18  x     ZbnfSyntaxPrescript.java                 ::         74.041 -0454773884 
2013-06-09 19:13:32  x     ZbnfXmlOutput.java                       ::         14.168 -0583010662 
2012-12-26 17:34:50  x     Zmake.java                               ::         18.884 -0206480344 

============================== org/vishia/zcmd/ ====================================================
2017-02-16 21:54:11  x     Bin2Data.java                            ::         12.767  0457986322 
2017-02-16 21:54:16  x     Csv2Data.java                            ::         14.656  0522387242 
2017-04-03 21:49:00  x     JZcmd.java                               ::           .522 -0159697125 
2017-04-03 21:46:49  x     OutputDataTree.java                      ::          2.039  0857798168 
2017-04-03 21:49:00  x     Zbnf2Text.java                           ::         15.703 -0599450360 
